2026-07-11T08:49:09.579-04:00  INFO 23876 --- [auth] [main] com.example.auth.DemoApplicationTests    : Starting DemoApplicationTests using Java 24.0.2 with PID 23876 (started by Max in C:\Users\Max\Desktop\EXAMEN PASTELERIA\Pasteleria_Respaldo\auth-service)
2026-07-11T08:49:09.588-04:00 DEBUG 23876 --- [auth] [main] com.example.auth.DemoApplicationTests    : Running with Spring Boot v4.0.5, Spring v7.0.6
2026-07-11T08:49:09.590-04:00  INFO 23876 --- [auth] [main] com.example.auth.DemoApplicationTests    : The following 1 profile is active: "dev"
2026-07-11T08:49:11.852-04:00  INFO 23876 --- [auth] [main] .s.d.r.c.RepositoryConfigurationDelegate : Bootstrapping Spring Data JPA repositories in DEFAULT mode.
2026-07-11T08:49:11.957-04:00  INFO 23876 --- [auth] [main] .s.d.r.c.RepositoryConfigurationDelegate : Finished Spring Data repository scanning in 87 ms. Found 1 JPA repository interface.
2026-07-11T08:49:13.095-04:00  INFO 23876 --- [auth] [main] org.hibernate.orm.jpa                    : HHH008540: Processing PersistenceUnitInfo [name: default]
2026-07-11T08:49:13.203-04:00  INFO 23876 --- [auth] [main] org.hibernate.orm.core                   : HHH000001: Hibernate ORM core version 7.2.7.Final
2026-07-11T08:49:14.356-04:00  INFO 23876 --- [auth] [main] o.s.o.j.p.SpringPersistenceUnitInfo      : No LoadTimeWeaver setup: ignoring JPA class transformer
2026-07-11T08:49:14.534-04:00  INFO 23876 --- [auth] [main] com.zaxxer.hikari.HikariDataSource       : HikariPool-1 - Starting...
2026-07-11T08:49:15.161-04:00  INFO 23876 --- [auth] [main] com.zaxxer.hikari.pool.HikariPool        : HikariPool-1 - Added connection com.mysql.cj.jdbc.ConnectionImpl@47893392
2026-07-11T08:49:15.165-04:00  INFO 23876 --- [auth] [main] com.zaxxer.hikari.HikariDataSource       : HikariPool-1 - Start completed.
2026-07-11T08:49:15.349-04:00  WARN 23876 --- [auth] [main] org.hibernate.orm.core                   : HHH000511: The 5.5.5 version for [org.hibernate.dialect.MySQLDialect] is no longer supported, hence certain features may not work properly.The minimum supported version is 8.0.0. Check the community dialects project for available legacy versions.
2026-07-11T08:49:15.408-04:00  INFO 23876 --- [auth] [main] org.hibernate.orm.connections.pooling    : HHH10001005: Database info:
	Database JDBC URL [jdbc:mysql://localhost:3306/bd_users?createDatabaseIfNotExist=true]
	Database driver: MySQL Connector/J
	Database dialect: MySQLDialect
	Database version: 5.5.5
	Default catalog/schema: bd_users/undefined
	Autocommit mode: undefined/unknown
	Isolation level: REPEATABLE_READ [default REPEATABLE_READ]
	JDBC fetch size: none
	Pool: DataSourceConnectionProvider
	Minimum pool size: undefined/unknown
	Maximum pool size: undefined/unknown
2026-07-11T08:49:17.342-04:00  INFO 23876 --- [auth] [main] org.hibernate.orm.core                   : HHH000489: No JTA platform available (set 'hibernate.transaction.jta.platform' to enable JTA platform integration)
2026-07-11T08:49:17.439-04:00  INFO 23876 --- [auth] [main] j.LocalContainerEntityManagerFactoryBean : Initialized JPA EntityManagerFactory for persistence unit 'default'
2026-07-11T08:49:17.598-04:00  INFO 23876 --- [auth] [main] o.s.d.j.r.query.QueryEnhancerFactories   : Hibernate is in classpath; If applicable, HQL parser will be used.
2026-07-11T08:49:20.130-04:00  INFO 23876 --- [auth] [main] com.example.auth.DemoApplicationTests    : Started DemoApplicationTests in 11.454 seconds (process running for 14.576)
2026-07-11T08:49:20.137-04:00  WARN 23876 --- [auth] [main] o.s.core.events.SpringDocAppInitializer  : SpringDoc /v3/api-docs endpoint is enabled by default. To disable it in production, set the property 'springdoc.api-docs.enabled=false'
2026-07-11T08:49:20.137-04:00  WARN 23876 --- [auth] [main] o.s.core.events.SpringDocAppInitializer  : SpringDoc /doc/swagger-ui.html endpoint is enabled by default. To disable it in production, set the property 'springdoc.swagger-ui.enabled=false'
2026-07-11T08:49:21.493-04:00  INFO 23876 --- [auth] [main] com.example.auth.service.UserService     : Intento de login: email=juan@mail.com
2026-07-11T08:49:21.495-04:00  INFO 23876 --- [auth] [main] com.example.auth.service.UserService     : Login exitoso: email=juan@mail.com
2026-07-11T08:49:21.548-04:00  INFO 23876 --- [auth] [main] com.example.auth.service.UserService     : Intento de login: email=juan@mail.com
2026-07-11T08:49:21.549-04:00  WARN 23876 --- [auth] [main] com.example.auth.service.UserService     : Login fallido - credenciales incorrectas: email=juan@mail.com
2026-07-11T08:49:21.562-04:00  INFO 23876 --- [auth] [main] com.example.auth.service.UserService     : Intento de login: email=noexiste@mail.com
2026-07-11T08:49:21.563-04:00  WARN 23876 --- [auth] [main] com.example.auth.service.UserService     : Login fallido - usuario no encontrado: email=noexiste@mail.com
2026-07-11T08:49:21.582-04:00  INFO 23876 --- [auth] [main] com.example.auth.service.UserService     : Registrando usuario: email=nuevo@mail.com
2026-07-11T08:49:21.584-04:00  INFO 23876 --- [auth] [main] com.example.auth.service.UserService     : Usuario registrado exitosamente: email=nuevo@mail.com
2026-07-11T08:49:21.594-04:00  INFO 23876 --- [auth] [main] com.example.auth.service.UserService     : Registrando usuario: email=juan@mail.com
2026-07-11T08:49:21.595-04:00  WARN 23876 --- [auth] [main] com.example.auth.service.UserService     : Registro fallido - usuario ya existe: email=juan@mail.com
2026-07-11T08:49:21.659-04:00  INFO 23876 --- [auth] [SpringApplicationShutdownHook] j.LocalContainerEntityManagerFactoryBean : Closing JPA EntityManagerFactory for persistence unit 'default'
2026-07-11T08:49:22.043-04:00  INFO 23876 --- [auth] [SpringApplicationShutdownHook] com.zaxxer.hikari.HikariDataSource       : HikariPool-1 - Shutdown initiated...
2026-07-11T08:49:22.071-04:00  INFO 23876 --- [auth] [SpringApplicationShutdownHook] com.zaxxer.hikari.HikariDataSource       : HikariPool-1 - Shutdown completed.
