2026-07-11T08:32:41.263-04:00  INFO 10788 --- [cliente-service] [main] c.e.c.ClienteServiceApplicationTests     : Starting ClienteServiceApplicationTests using Java 24.0.2 with PID 10788 (started by Max in C:\Users\Max\Desktop\EXAMEN PASTELERIA\Pasteleria_Respaldo\cliente-service)
2026-07-11T08:32:41.280-04:00 DEBUG 10788 --- [cliente-service] [main] c.e.c.ClienteServiceApplicationTests     : Running with Spring Boot v4.0.5, Spring v7.0.6
2026-07-11T08:32:41.282-04:00  INFO 10788 --- [cliente-service] [main] c.e.c.ClienteServiceApplicationTests     : The following 1 profile is active: "dev"
2026-07-11T08:32:44.247-04:00  INFO 10788 --- [cliente-service] [main] .s.d.r.c.RepositoryConfigurationDelegate : Bootstrapping Spring Data JPA repositories in DEFAULT mode.
2026-07-11T08:32:44.599-04:00  INFO 10788 --- [cliente-service] [main] .s.d.r.c.RepositoryConfigurationDelegate : Finished Spring Data repository scanning in 329 ms. Found 1 JPA repository interface.
2026-07-11T08:32:46.013-04:00  INFO 10788 --- [cliente-service] [main] org.hibernate.orm.jpa                    : HHH008540: Processing PersistenceUnitInfo [name: default]
2026-07-11T08:32:46.187-04:00  INFO 10788 --- [cliente-service] [main] org.hibernate.orm.core                   : HHH000001: Hibernate ORM core version 7.2.7.Final
2026-07-11T08:32:47.389-04:00  INFO 10788 --- [cliente-service] [main] o.s.o.j.p.SpringPersistenceUnitInfo      : No LoadTimeWeaver setup: ignoring JPA class transformer
2026-07-11T08:32:47.510-04:00  INFO 10788 --- [cliente-service] [main] com.zaxxer.hikari.HikariDataSource       : HikariPool-1 - Starting...
2026-07-11T08:32:48.146-04:00  INFO 10788 --- [cliente-service] [main] com.zaxxer.hikari.pool.HikariPool        : HikariPool-1 - Added connection com.mysql.cj.jdbc.ConnectionImpl@53d84d6c
2026-07-11T08:32:48.150-04:00  INFO 10788 --- [cliente-service] [main] com.zaxxer.hikari.HikariDataSource       : HikariPool-1 - Start completed.
2026-07-11T08:32:48.344-04:00  WARN 10788 --- [cliente-service] [main] org.hibernate.orm.core                   : HHH000511: The 5.5.5 version for [org.hibernate.dialect.MySQLDialect] is no longer supported, hence certain features may not work properly.The minimum supported version is 8.0.0. Check the community dialects project for available legacy versions.
2026-07-11T08:32:48.402-04:00  INFO 10788 --- [cliente-service] [main] org.hibernate.orm.connections.pooling    : HHH10001005: Database info:
	Database JDBC URL [jdbc:mysql://localhost:3306/bd_cliente?createDatabaseIfNotExist=true]
	Database driver: MySQL Connector/J
	Database dialect: MySQLDialect
	Database version: 5.5.5
	Default catalog/schema: bd_cliente/undefined
	Autocommit mode: undefined/unknown
	Isolation level: REPEATABLE_READ [default REPEATABLE_READ]
	JDBC fetch size: none
	Pool: DataSourceConnectionProvider
	Minimum pool size: undefined/unknown
	Maximum pool size: undefined/unknown
2026-07-11T08:32:50.438-04:00  INFO 10788 --- [cliente-service] [main] org.hibernate.orm.core                   : HHH000489: No JTA platform available (set 'hibernate.transaction.jta.platform' to enable JTA platform integration)
2026-07-11T08:32:50.451-04:00  INFO 10788 --- [cliente-service] [main] j.LocalContainerEntityManagerFactoryBean : Initialized JPA EntityManagerFactory for persistence unit 'default'
2026-07-11T08:32:50.623-04:00  INFO 10788 --- [cliente-service] [main] o.s.d.j.r.query.QueryEnhancerFactories   : Hibernate is in classpath; If applicable, HQL parser will be used.
2026-07-11T08:32:53.825-04:00  INFO 10788 --- [cliente-service] [main] liquibase.changelog                      : Reading from bd_cliente.databasechangelog
2026-07-11T08:32:53.893-04:00  INFO 10788 --- [cliente-service] [main] liquibase.ui                             : Database is up to date, no changesets to execute
2026-07-11T08:32:53.896-04:00  INFO 10788 --- [cliente-service] [main] liquibase.changelog                      : Reading from bd_cliente.databasechangelog
2026-07-11T08:32:53.910-04:00  INFO 10788 --- [cliente-service] [main] liquibase.util                           : UPDATE SUMMARY
2026-07-11T08:32:53.910-04:00  INFO 10788 --- [cliente-service] [main] liquibase.util                           : Run:                          0
2026-07-11T08:32:53.910-04:00  INFO 10788 --- [cliente-service] [main] liquibase.util                           : Previously run:               2
2026-07-11T08:32:53.910-04:00  INFO 10788 --- [cliente-service] [main] liquibase.util                           : Filtered out:                 0
2026-07-11T08:32:53.910-04:00  INFO 10788 --- [cliente-service] [main] liquibase.util                           : -------------------------------
2026-07-11T08:32:53.910-04:00  INFO 10788 --- [cliente-service] [main] liquibase.util                           : Total change sets:            2
2026-07-11T08:32:53.912-04:00  INFO 10788 --- [cliente-service] [main] liquibase.util                           : Update summary generated
2026-07-11T08:32:53.913-04:00  INFO 10788 --- [cliente-service] [main] liquibase.command                        : Command execution complete
2026-07-11T08:32:56.450-04:00  INFO 10788 --- [cliente-service] [main] o.s.b.a.e.web.EndpointLinksResolver      : Exposing 1 endpoint beneath base path '/actuator'
2026-07-11T08:32:56.548-04:00  INFO 10788 --- [cliente-service] [main] c.e.c.ClienteServiceApplicationTests     : Started ClienteServiceApplicationTests in 16.363 seconds (process running for 20.123)
2026-07-11T08:32:56.681-04:00  WARN 10788 --- [cliente-service] [main] o.s.core.events.SpringDocAppInitializer  : SpringDoc /v3/api-docs endpoint is enabled by default. To disable it in production, set the property 'springdoc.api-docs.enabled=false'
2026-07-11T08:32:56.682-04:00  WARN 10788 --- [cliente-service] [main] o.s.core.events.SpringDocAppInitializer  : SpringDoc /doc/swagger-ui.html endpoint is enabled by default. To disable it in production, set the property 'springdoc.swagger-ui.enabled=false'
2026-07-11T08:32:58.326-04:00  INFO 10788 --- [cliente-service] [main] c.e.c.service.ClienteService             : Iniciando guardar cliente: correo=juan.perez@mail.com
2026-07-11T08:32:58.335-04:00 ERROR 10788 --- [cliente-service] [main] c.e.c.service.ClienteService             : No se pudo validar existencia del usuario en auth-service
2026-07-11T08:32:58.373-04:00  INFO 10788 --- [cliente-service] [main] c.e.c.service.ClienteService             : Buscando cliente por rut=00000000-0
2026-07-11T08:32:58.382-04:00  INFO 10788 --- [cliente-service] [main] c.e.c.service.ClienteService             : Buscando cliente por id=1
2026-07-11T08:32:58.396-04:00  INFO 10788 --- [cliente-service] [main] c.e.c.service.ClienteService             : Iniciando guardar cliente: correo=juan.perez@mail.com
2026-07-11T08:32:58.398-04:00  INFO 10788 --- [cliente-service] [main] c.e.c.service.ClienteService             : Cliente guardado exitosamente id=1
2026-07-11T08:32:58.410-04:00  INFO 10788 --- [cliente-service] [main] c.e.c.service.ClienteService             : Eliminando cliente id=1
2026-07-11T08:32:58.411-04:00  INFO 10788 --- [cliente-service] [main] c.e.c.service.ClienteService             : Cliente eliminado exitosamente id=1
2026-07-11T08:32:58.416-04:00  INFO 10788 --- [cliente-service] [main] c.e.c.service.ClienteService             : Buscando cliente por id=99
2026-07-11T08:32:58.417-04:00  WARN 10788 --- [cliente-service] [main] c.e.c.service.ClienteService             : Cliente no encontrado id=99
2026-07-11T08:32:58.427-04:00  INFO 10788 --- [cliente-service] [main] c.e.c.service.ClienteService             : Actualizando cliente id=1
2026-07-11T08:32:58.428-04:00  INFO 10788 --- [cliente-service] [main] c.e.c.service.ClienteService             : Cliente actualizado exitosamente id=1
2026-07-11T08:32:58.435-04:00  INFO 10788 --- [cliente-service] [main] c.e.c.service.ClienteService             : Buscando cliente por rut=12345678-9
2026-07-11T08:32:58.444-04:00  INFO 10788 --- [cliente-service] [main] c.e.c.service.ClienteService             : Iniciando guardar cliente: correo=juan.perez@mail.com
2026-07-11T08:32:58.445-04:00 ERROR 10788 --- [cliente-service] [main] c.e.c.service.ClienteService             : Error al conectar con auth-service: Connection refused

java.lang.RuntimeException: Connection refused
	at com.example.cliente_service.service.ClienteService.guardar(ClienteService.java:31) ~[classes/:na]
	at com.example.cliente_service.service.ClienteServiceTest.lambda$guardar_conFalloDeConexionAAuthService_deberiaLanzarExternalServiceException$0(ClienteServiceTest.java:116) ~[test-classes/:na]
	at org.junit.jupiter.api.AssertThrows.assertThrows(AssertThrows.java:54) ~[junit-jupiter-api-6.0.3.jar:6.0.3]
	at org.junit.jupiter.api.AssertThrows.assertThrows(AssertThrows.java:35) ~[junit-jupiter-api-6.0.3.jar:6.0.3]
	at org.junit.jupiter.api.Assertions.assertThrows(Assertions.java:3223) ~[junit-jupiter-api-6.0.3.jar:6.0.3]
	at com.example.cliente_service.service.ClienteServiceTest.guardar_conFalloDeConexionAAuthService_deberiaLanzarExternalServiceException(ClienteServiceTest.java:115) ~[test-classes/:na]
	at java.base/jdk.internal.reflect.DirectMethodHandleAccessor.invoke(DirectMethodHandleAccessor.java:104) ~[na:na]
	at java.base/java.lang.reflect.Method.invoke(Method.java:565) ~[na:na]
	at org.junit.platform.commons.util.ReflectionUtils.invokeMethod(ReflectionUtils.java:701) ~[junit-platform-commons-6.0.3.jar:6.0.3]
	at org.junit.platform.commons.support.ReflectionSupport.invokeMethod(ReflectionSupport.java:502) ~[junit-platform-commons-6.0.3.jar:6.0.3]
	at org.junit.jupiter.engine.support.MethodReflectionUtils.invoke(MethodReflectionUtils.java:45) ~[junit-jupiter-engine-6.0.3.jar:6.0.3]
	at org.junit.jupiter.engine.execution.MethodInvocation.proceed(MethodInvocation.java:61) ~[junit-jupiter-engine-6.0.3.jar:6.0.3]
	at org.junit.jupiter.engine.execution.InvocationInterceptorChain$ValidatingInvocation.proceed(InvocationInterceptorChain.java:124) ~[junit-jupiter-engine-6.0.3.jar:6.0.3]
	at org.junit.jupiter.engine.extension.TimeoutExtension.intercept(TimeoutExtension.java:163) ~[junit-jupiter-engine-6.0.3.jar:6.0.3]
	at org.junit.jupiter.engine.extension.TimeoutExtension.interceptTestableMethod(TimeoutExtension.java:148) ~[junit-jupiter-engine-6.0.3.jar:6.0.3]
	at org.junit.jupiter.engine.extension.TimeoutExtension.interceptTestMethod(TimeoutExtension.java:86) ~[junit-jupiter-engine-6.0.3.jar:6.0.3]
	at org.junit.jupiter.engine.execution.InterceptingExecutableInvoker$ReflectiveInterceptorCall.lambda$ofVoidMethod$0(InterceptingExecutableInvoker.java:123) ~[junit-jupiter-engine-6.0.3.jar:6.0.3]
	at org.junit.jupiter.engine.execution.InterceptingExecutableInvoker.lambda$invoke$0(InterceptingExecutableInvoker.java:105) ~[junit-jupiter-engine-6.0.3.jar:6.0.3]
	at org.junit.jupiter.engine.execution.InvocationInterceptorChain$InterceptedInvocation.proceed(InvocationInterceptorChain.java:99) ~[junit-jupiter-engine-6.0.3.jar:6.0.3]
	at org.junit.jupiter.engine.execution.InvocationInterceptorChain.proceed(InvocationInterceptorChain.java:66) ~[junit-jupiter-engine-6.0.3.jar:6.0.3]
	at org.junit.jupiter.engine.execution.InvocationInterceptorChain.chainAndInvoke(InvocationInterceptorChain.java:47) ~[junit-jupiter-engine-6.0.3.jar:6.0.3]
	at org.junit.jupiter.engine.execution.InvocationInterceptorChain.invoke(InvocationInterceptorChain.java:39) ~[junit-jupiter-engine-6.0.3.jar:6.0.3]
	at org.junit.jupiter.engine.execution.InterceptingExecutableInvoker.invoke(InterceptingExecutableInvoker.java:104) ~[junit-jupiter-engine-6.0.3.jar:6.0.3]
	at org.junit.jupiter.engine.execution.InterceptingExecutableInvoker.invoke(InterceptingExecutableInvoker.java:98) ~[junit-jupiter-engine-6.0.3.jar:6.0.3]
	at org.junit.jupiter.engine.execution.InterceptingExecutableInvoker.invokeVoid(InterceptingExecutableInvoker.java:71) ~[junit-jupiter-engine-6.0.3.jar:6.0.3]
	at org.junit.jupiter.engine.descriptor.TestMethodTestDescriptor.lambda$invokeTestMethod$0(TestMethodTestDescriptor.java:219) ~[junit-jupiter-engine-6.0.3.jar:6.0.3]
	at org.junit.platform.engine.support.hierarchical.ThrowableCollector.execute(ThrowableCollector.java:74) ~[junit-platform-engine-6.0.3.jar:6.0.3]
	at org.junit.jupiter.engine.descriptor.TestMethodTestDescriptor.invokeTestMethod(TestMethodTestDescriptor.java:215) ~[junit-jupiter-engine-6.0.3.jar:6.0.3]
	at org.junit.jupiter.engine.descriptor.TestMethodTestDescriptor.execute(TestMethodTestDescriptor.java:157) ~[junit-jupiter-engine-6.0.3.jar:6.0.3]
	at org.junit.jupiter.engine.descriptor.TestMethodTestDescriptor.execute(TestMethodTestDescriptor.java:70) ~[junit-jupiter-engine-6.0.3.jar:6.0.3]
	at org.junit.platform.engine.support.hierarchical.NodeTestTask.lambda$executeRecursively$2(NodeTestTask.java:176) ~[junit-platform-engine-6.0.3.jar:6.0.3]
	at org.junit.platform.engine.support.hierarchical.ThrowableCollector.execute(ThrowableCollector.java:74) ~[junit-platform-engine-6.0.3.jar:6.0.3]
	at org.junit.platform.engine.support.hierarchical.NodeTestTask.lambda$executeRecursively$1(NodeTestTask.java:166) ~[junit-platform-engine-6.0.3.jar:6.0.3]
	at org.junit.platform.engine.support.hierarchical.Node.around(Node.java:138) ~[junit-platform-engine-6.0.3.jar:6.0.3]
	at org.junit.platform.engine.support.hierarchical.NodeTestTask.lambda$executeRecursively$0(NodeTestTask.java:164) ~[junit-platform-engine-6.0.3.jar:6.0.3]
	at org.junit.platform.engine.support.hierarchical.ThrowableCollector.execute(ThrowableCollector.java:74) ~[junit-platform-engine-6.0.3.jar:6.0.3]
	at org.junit.platform.engine.support.hierarchical.NodeTestTask.executeRecursively(NodeTestTask.java:163) ~[junit-platform-engine-6.0.3.jar:6.0.3]
	at org.junit.platform.engine.support.hierarchical.NodeTestTask.execute(NodeTestTask.java:116) ~[junit-platform-engine-6.0.3.jar:6.0.3]
	at java.base/java.util.ArrayList.forEach(ArrayList.java:1604) ~[na:na]
	at org.junit.platform.engine.support.hierarchical.SameThreadHierarchicalTestExecutorService.invokeAll(SameThreadHierarchicalTestExecutorService.java:42) ~[junit-platform-engine-6.0.3.jar:6.0.3]
	at org.junit.platform.engine.support.hierarchical.NodeTestTask.lambda$executeRecursively$2(NodeTestTask.java:180) ~[junit-platform-engine-6.0.3.jar:6.0.3]
	at org.junit.platform.engine.support.hierarchical.ThrowableCollector.execute(ThrowableCollector.java:74) ~[junit-platform-engine-6.0.3.jar:6.0.3]
	at org.junit.platform.engine.support.hierarchical.NodeTestTask.lambda$executeRecursively$1(NodeTestTask.java:166) ~[junit-platform-engine-6.0.3.jar:6.0.3]
	at org.junit.platform.engine.support.hierarchical.Node.around(Node.java:138) ~[junit-platform-engine-6.0.3.jar:6.0.3]
	at org.junit.platform.engine.support.hierarchical.NodeTestTask.lambda$executeRecursively$0(NodeTestTask.java:164) ~[junit-platform-engine-6.0.3.jar:6.0.3]
	at org.junit.platform.engine.support.hierarchical.ThrowableCollector.execute(ThrowableCollector.java:74) ~[junit-platform-engine-6.0.3.jar:6.0.3]
	at org.junit.platform.engine.support.hierarchical.NodeTestTask.executeRecursively(NodeTestTask.java:163) ~[junit-platform-engine-6.0.3.jar:6.0.3]
	at org.junit.platform.engine.support.hierarchical.NodeTestTask.execute(NodeTestTask.java:116) ~[junit-platform-engine-6.0.3.jar:6.0.3]
	at java.base/java.util.ArrayList.forEach(ArrayList.java:1604) ~[na:na]
	at org.junit.platform.engine.support.hierarchical.SameThreadHierarchicalTestExecutorService.invokeAll(SameThreadHierarchicalTestExecutorService.java:42) ~[junit-platform-engine-6.0.3.jar:6.0.3]
	at org.junit.platform.engine.support.hierarchical.NodeTestTask.lambda$executeRecursively$2(NodeTestTask.java:180) ~[junit-platform-engine-6.0.3.jar:6.0.3]
	at org.junit.platform.engine.support.hierarchical.ThrowableCollector.execute(ThrowableCollector.java:74) ~[junit-platform-engine-6.0.3.jar:6.0.3]
	at org.junit.platform.engine.support.hierarchical.NodeTestTask.lambda$executeRecursively$1(NodeTestTask.java:166) ~[junit-platform-engine-6.0.3.jar:6.0.3]
	at org.junit.platform.engine.support.hierarchical.Node.around(Node.java:138) ~[junit-platform-engine-6.0.3.jar:6.0.3]
	at org.junit.platform.engine.support.hierarchical.NodeTestTask.lambda$executeRecursively$0(NodeTestTask.java:164) ~[junit-platform-engine-6.0.3.jar:6.0.3]
	at org.junit.platform.engine.support.hierarchical.ThrowableCollector.execute(ThrowableCollector.java:74) ~[junit-platform-engine-6.0.3.jar:6.0.3]
	at org.junit.platform.engine.support.hierarchical.NodeTestTask.executeRecursively(NodeTestTask.java:163) ~[junit-platform-engine-6.0.3.jar:6.0.3]
	at org.junit.platform.engine.support.hierarchical.NodeTestTask.execute(NodeTestTask.java:116) ~[junit-platform-engine-6.0.3.jar:6.0.3]
	at org.junit.platform.engine.support.hierarchical.SameThreadHierarchicalTestExecutorService.submit(SameThreadHierarchicalTestExecutorService.java:36) ~[junit-platform-engine-6.0.3.jar:6.0.3]
	at org.junit.platform.engine.support.hierarchical.HierarchicalTestExecutor.execute(HierarchicalTestExecutor.java:52) ~[junit-platform-engine-6.0.3.jar:6.0.3]
	at org.junit.platform.engine.support.hierarchical.HierarchicalTestEngine.execute(HierarchicalTestEngine.java:58) ~[junit-platform-engine-6.0.3.jar:6.0.3]
	at org.junit.platform.launcher.core.EngineExecutionOrchestrator.executeEngine(EngineExecutionOrchestrator.java:246) ~[junit-platform-launcher-6.0.3.jar:6.0.3]
	at org.junit.platform.launcher.core.EngineExecutionOrchestrator.failOrExecuteEngine(EngineExecutionOrchestrator.java:218) ~[junit-platform-launcher-6.0.3.jar:6.0.3]
	at org.junit.platform.launcher.core.EngineExecutionOrchestrator.execute(EngineExecutionOrchestrator.java:179) ~[junit-platform-launcher-6.0.3.jar:6.0.3]
	at org.junit.platform.launcher.core.EngineExecutionOrchestrator.execute(EngineExecutionOrchestrator.java:108) ~[junit-platform-launcher-6.0.3.jar:6.0.3]
	at org.junit.platform.launcher.core.EngineExecutionOrchestrator.lambda$execute$0(EngineExecutionOrchestrator.java:66) ~[junit-platform-launcher-6.0.3.jar:6.0.3]
	at org.junit.platform.launcher.core.EngineExecutionOrchestrator.withInterceptedStreams(EngineExecutionOrchestrator.java:157) ~[junit-platform-launcher-6.0.3.jar:6.0.3]
	at org.junit.platform.launcher.core.EngineExecutionOrchestrator.execute(EngineExecutionOrchestrator.java:65) ~[junit-platform-launcher-6.0.3.jar:6.0.3]
	at org.junit.platform.launcher.core.DefaultLauncher.execute(DefaultLauncher.java:125) ~[junit-platform-launcher-6.0.3.jar:6.0.3]
	at org.junit.platform.launcher.core.DefaultLauncher.execute(DefaultLauncher.java:114) ~[junit-platform-launcher-6.0.3.jar:6.0.3]
	at org.junit.platform.launcher.core.DelegatingLauncher.execute(DelegatingLauncher.java:58) ~[junit-platform-launcher-6.0.3.jar:6.0.3]
	at org.junit.platform.launcher.core.InterceptingLauncher.lambda$execute$2(InterceptingLauncher.java:57) ~[junit-platform-launcher-6.0.3.jar:6.0.3]
	at org.junit.platform.launcher.core.ClasspathAlignmentCheckingLauncherInterceptor.intercept(ClasspathAlignmentCheckingLauncherInterceptor.java:25) ~[junit-platform-launcher-6.0.3.jar:6.0.3]
	at org.junit.platform.launcher.core.InterceptingLauncher.execute(InterceptingLauncher.java:56) ~[junit-platform-launcher-6.0.3.jar:6.0.3]
	at org.junit.platform.launcher.core.DelegatingLauncher.execute(DelegatingLauncher.java:58) ~[junit-platform-launcher-6.0.3.jar:6.0.3]
	at java.base/jdk.internal.reflect.DirectMethodHandleAccessor.invoke(DirectMethodHandleAccessor.java:104) ~[na:na]
	at java.base/java.lang.reflect.Method.invoke(Method.java:565) ~[na:na]
	at org.apache.maven.surefire.api.util.ReflectionUtils.invokeMethodWithArray(ReflectionUtils.java:125) ~[surefire-api-3.5.5.jar:3.5.5]
	at org.apache.maven.surefire.junitplatform.LauncherAdapter.executeWithCancellationToken(LauncherAdapter.java:68) ~[surefire-junit-platform-3.5.5.jar:3.5.5]
	at org.apache.maven.surefire.junitplatform.LauncherAdapter.execute(LauncherAdapter.java:54) ~[surefire-junit-platform-3.5.5.jar:3.5.5]
	at org.apache.maven.surefire.junitplatform.JUnitPlatformProvider.execute(JUnitPlatformProvider.java:203) ~[surefire-junit-platform-3.5.5.jar:3.5.5]
	at org.apache.maven.surefire.junitplatform.JUnitPlatformProvider.invokeAllTests(JUnitPlatformProvider.java:168) ~[surefire-junit-platform-3.5.5.jar:3.5.5]
	at org.apache.maven.surefire.junitplatform.JUnitPlatformProvider.invoke(JUnitPlatformProvider.java:136) ~[surefire-junit-platform-3.5.5.jar:3.5.5]
	at org.apache.maven.surefire.booter.ForkedBooter.runSuitesInProcess(ForkedBooter.java:385) ~[surefire-booter-3.5.5.jar:3.5.5]
	at org.apache.maven.surefire.booter.ForkedBooter.execute(ForkedBooter.java:162) ~[surefire-booter-3.5.5.jar:3.5.5]
	at org.apache.maven.surefire.booter.ForkedBooter.run(ForkedBooter.java:507) ~[surefire-booter-3.5.5.jar:3.5.5]
	at org.apache.maven.surefire.booter.ForkedBooter.main(ForkedBooter.java:495) ~[surefire-booter-3.5.5.jar:3.5.5]

2026-07-11T08:32:58.465-04:00  INFO 10788 --- [cliente-service] [main] c.e.c.service.ClienteService             : Actualizando cliente id=99
2026-07-11T08:32:58.473-04:00  INFO 10788 --- [cliente-service] [main] c.e.c.service.ClienteService             : Listando todos los clientes
2026-07-11T08:32:58.474-04:00  INFO 10788 --- [cliente-service] [main] c.e.c.service.ClienteService             : Total clientes: 2
2026-07-11T08:32:58.486-04:00  INFO 10788 --- [cliente-service] [main] c.e.c.service.ClienteService             : Iniciando guardar cliente: correo=juan.perez@mail.com
2026-07-11T08:32:58.488-04:00  WARN 10788 --- [cliente-service] [main] c.e.c.service.ClienteService             : Usuario no existe en auth-service: correo=juan.perez@mail.com
2026-07-11T08:32:58.495-04:00  INFO 10788 --- [cliente-service] [main] c.e.c.service.ClienteService             : Eliminando cliente id=99
2026-07-11T08:32:58.549-04:00  INFO 10788 --- [cliente-service] [SpringApplicationShutdownHook] j.LocalContainerEntityManagerFactoryBean : Closing JPA EntityManagerFactory for persistence unit 'default'
2026-07-11T08:32:58.947-04:00  INFO 10788 --- [cliente-service] [SpringApplicationShutdownHook] com.zaxxer.hikari.HikariDataSource       : HikariPool-1 - Shutdown initiated...
2026-07-11T08:32:58.960-04:00  INFO 10788 --- [cliente-service] [SpringApplicationShutdownHook] com.zaxxer.hikari.HikariDataSource       : HikariPool-1 - Shutdown completed.
2026-07-11T08:35:45.080-04:00  INFO 28484 --- [cliente-service] [main] c.e.c.ClienteServiceApplicationTests     : Starting ClienteServiceApplicationTests using Java 24.0.2 with PID 28484 (started by Max in C:\Users\Max\Desktop\EXAMEN PASTELERIA\Pasteleria_Respaldo\cliente-service)
2026-07-11T08:35:45.083-04:00 DEBUG 28484 --- [cliente-service] [main] c.e.c.ClienteServiceApplicationTests     : Running with Spring Boot v4.0.5, Spring v7.0.6
2026-07-11T08:35:45.084-04:00  INFO 28484 --- [cliente-service] [main] c.e.c.ClienteServiceApplicationTests     : The following 1 profile is active: "dev"
2026-07-11T08:35:47.981-04:00  INFO 28484 --- [cliente-service] [main] .s.d.r.c.RepositoryConfigurationDelegate : Bootstrapping Spring Data JPA repositories in DEFAULT mode.
2026-07-11T08:35:48.308-04:00  INFO 28484 --- [cliente-service] [main] .s.d.r.c.RepositoryConfigurationDelegate : Finished Spring Data repository scanning in 297 ms. Found 1 JPA repository interface.
2026-07-11T08:35:49.563-04:00  INFO 28484 --- [cliente-service] [main] org.hibernate.orm.jpa                    : HHH008540: Processing PersistenceUnitInfo [name: default]
2026-07-11T08:35:49.722-04:00  INFO 28484 --- [cliente-service] [main] org.hibernate.orm.core                   : HHH000001: Hibernate ORM core version 7.2.7.Final
2026-07-11T08:35:50.751-04:00  INFO 28484 --- [cliente-service] [main] o.s.o.j.p.SpringPersistenceUnitInfo      : No LoadTimeWeaver setup: ignoring JPA class transformer
2026-07-11T08:35:50.847-04:00  INFO 28484 --- [cliente-service] [main] com.zaxxer.hikari.HikariDataSource       : HikariPool-1 - Starting...
2026-07-11T08:35:51.407-04:00  INFO 28484 --- [cliente-service] [main] com.zaxxer.hikari.pool.HikariPool        : HikariPool-1 - Added connection com.mysql.cj.jdbc.ConnectionImpl@2330861e
2026-07-11T08:35:51.411-04:00  INFO 28484 --- [cliente-service] [main] com.zaxxer.hikari.HikariDataSource       : HikariPool-1 - Start completed.
2026-07-11T08:35:51.575-04:00  WARN 28484 --- [cliente-service] [main] org.hibernate.orm.core                   : HHH000511: The 5.5.5 version for [org.hibernate.dialect.MySQLDialect] is no longer supported, hence certain features may not work properly.The minimum supported version is 8.0.0. Check the community dialects project for available legacy versions.
2026-07-11T08:35:51.633-04:00  INFO 28484 --- [cliente-service] [main] org.hibernate.orm.connections.pooling    : HHH10001005: Database info:
	Database JDBC URL [jdbc:mysql://localhost:3306/bd_cliente?createDatabaseIfNotExist=true]
	Database driver: MySQL Connector/J
	Database dialect: MySQLDialect
	Database version: 5.5.5
	Default catalog/schema: bd_cliente/undefined
	Autocommit mode: undefined/unknown
	Isolation level: REPEATABLE_READ [default REPEATABLE_READ]
	JDBC fetch size: none
	Pool: DataSourceConnectionProvider
	Minimum pool size: undefined/unknown
	Maximum pool size: undefined/unknown
2026-07-11T08:35:53.491-04:00  INFO 28484 --- [cliente-service] [main] org.hibernate.orm.core                   : HHH000489: No JTA platform available (set 'hibernate.transaction.jta.platform' to enable JTA platform integration)
2026-07-11T08:35:53.504-04:00  INFO 28484 --- [cliente-service] [main] j.LocalContainerEntityManagerFactoryBean : Initialized JPA EntityManagerFactory for persistence unit 'default'
2026-07-11T08:35:53.668-04:00  INFO 28484 --- [cliente-service] [main] o.s.d.j.r.query.QueryEnhancerFactories   : Hibernate is in classpath; If applicable, HQL parser will be used.
2026-07-11T08:35:56.718-04:00  INFO 28484 --- [cliente-service] [main] liquibase.changelog                      : Reading from bd_cliente.databasechangelog
2026-07-11T08:35:56.813-04:00  INFO 28484 --- [cliente-service] [main] liquibase.ui                             : Database is up to date, no changesets to execute
2026-07-11T08:35:56.818-04:00  INFO 28484 --- [cliente-service] [main] liquibase.changelog                      : Reading from bd_cliente.databasechangelog
2026-07-11T08:35:56.836-04:00  INFO 28484 --- [cliente-service] [main] liquibase.util                           : UPDATE SUMMARY
2026-07-11T08:35:56.836-04:00  INFO 28484 --- [cliente-service] [main] liquibase.util                           : Run:                          0
2026-07-11T08:35:56.837-04:00  INFO 28484 --- [cliente-service] [main] liquibase.util                           : Previously run:               2
2026-07-11T08:35:56.837-04:00  INFO 28484 --- [cliente-service] [main] liquibase.util                           : Filtered out:                 0
2026-07-11T08:35:56.837-04:00  INFO 28484 --- [cliente-service] [main] liquibase.util                           : -------------------------------
2026-07-11T08:35:56.837-04:00  INFO 28484 --- [cliente-service] [main] liquibase.util                           : Total change sets:            2
2026-07-11T08:35:56.839-04:00  INFO 28484 --- [cliente-service] [main] liquibase.util                           : Update summary generated
2026-07-11T08:35:56.841-04:00  INFO 28484 --- [cliente-service] [main] liquibase.command                        : Command execution complete
2026-07-11T08:35:59.791-04:00  INFO 28484 --- [cliente-service] [main] o.s.b.a.e.web.EndpointLinksResolver      : Exposing 1 endpoint beneath base path '/actuator'
2026-07-11T08:35:59.893-04:00  INFO 28484 --- [cliente-service] [main] c.e.c.ClienteServiceApplicationTests     : Started ClienteServiceApplicationTests in 15.795 seconds (process running for 19.495)
2026-07-11T08:36:00.005-04:00  WARN 28484 --- [cliente-service] [main] o.s.core.events.SpringDocAppInitializer  : SpringDoc /v3/api-docs endpoint is enabled by default. To disable it in production, set the property 'springdoc.api-docs.enabled=false'
2026-07-11T08:36:00.005-04:00  WARN 28484 --- [cliente-service] [main] o.s.core.events.SpringDocAppInitializer  : SpringDoc /doc/swagger-ui.html endpoint is enabled by default. To disable it in production, set the property 'springdoc.swagger-ui.enabled=false'
2026-07-11T08:36:01.578-04:00  INFO 28484 --- [cliente-service] [main] c.e.c.service.ClienteService             : Iniciando guardar cliente: correo=juan.perez@mail.com
2026-07-11T08:36:01.586-04:00 ERROR 28484 --- [cliente-service] [main] c.e.c.service.ClienteService             : No se pudo validar existencia del usuario en auth-service
2026-07-11T08:36:01.607-04:00  INFO 28484 --- [cliente-service] [main] c.e.c.service.ClienteService             : Buscando cliente por rut=00000000-0
2026-07-11T08:36:01.615-04:00  INFO 28484 --- [cliente-service] [main] c.e.c.service.ClienteService             : Buscando cliente por id=1
2026-07-11T08:36:01.630-04:00  INFO 28484 --- [cliente-service] [main] c.e.c.service.ClienteService             : Iniciando guardar cliente: correo=juan.perez@mail.com
2026-07-11T08:36:01.636-04:00  INFO 28484 --- [cliente-service] [main] c.e.c.service.ClienteService             : Cliente guardado exitosamente id=1
2026-07-11T08:36:01.653-04:00  INFO 28484 --- [cliente-service] [main] c.e.c.service.ClienteService             : Eliminando cliente id=1
2026-07-11T08:36:01.655-04:00  INFO 28484 --- [cliente-service] [main] c.e.c.service.ClienteService             : Cliente eliminado exitosamente id=1
2026-07-11T08:36:01.665-04:00  INFO 28484 --- [cliente-service] [main] c.e.c.service.ClienteService             : Buscando cliente por id=99
2026-07-11T08:36:01.665-04:00  WARN 28484 --- [cliente-service] [main] c.e.c.service.ClienteService             : Cliente no encontrado id=99
2026-07-11T08:36:01.676-04:00  INFO 28484 --- [cliente-service] [main] c.e.c.service.ClienteService             : Actualizando cliente id=1
2026-07-11T08:36:01.677-04:00  INFO 28484 --- [cliente-service] [main] c.e.c.service.ClienteService             : Cliente actualizado exitosamente id=1
2026-07-11T08:36:01.683-04:00  INFO 28484 --- [cliente-service] [main] c.e.c.service.ClienteService             : Buscando cliente por rut=12345678-9
2026-07-11T08:36:01.695-04:00  INFO 28484 --- [cliente-service] [main] c.e.c.service.ClienteService             : Iniciando guardar cliente: correo=juan.perez@mail.com
2026-07-11T08:36:01.696-04:00 ERROR 28484 --- [cliente-service] [main] c.e.c.service.ClienteService             : Error al conectar con auth-service: Connection refused

java.lang.RuntimeException: Connection refused
	at com.example.cliente_service.service.ClienteService.guardar(ClienteService.java:31) ~[classes/:na]
	at com.example.cliente_service.service.ClienteServiceTest.lambda$guardar_conFalloDeConexionAAuthService_deberiaLanzarExternalServiceException$0(ClienteServiceTest.java:116) ~[test-classes/:na]
	at org.junit.jupiter.api.AssertThrows.assertThrows(AssertThrows.java:54) ~[junit-jupiter-api-6.0.3.jar:6.0.3]
	at org.junit.jupiter.api.AssertThrows.assertThrows(AssertThrows.java:35) ~[junit-jupiter-api-6.0.3.jar:6.0.3]
	at org.junit.jupiter.api.Assertions.assertThrows(Assertions.java:3223) ~[junit-jupiter-api-6.0.3.jar:6.0.3]
	at com.example.cliente_service.service.ClienteServiceTest.guardar_conFalloDeConexionAAuthService_deberiaLanzarExternalServiceException(ClienteServiceTest.java:115) ~[test-classes/:na]
	at java.base/jdk.internal.reflect.DirectMethodHandleAccessor.invoke(DirectMethodHandleAccessor.java:104) ~[na:na]
	at java.base/java.lang.reflect.Method.invoke(Method.java:565) ~[na:na]
	at org.junit.platform.commons.util.ReflectionUtils.invokeMethod(ReflectionUtils.java:701) ~[junit-platform-commons-6.0.3.jar:6.0.3]
	at org.junit.platform.commons.support.ReflectionSupport.invokeMethod(ReflectionSupport.java:502) ~[junit-platform-commons-6.0.3.jar:6.0.3]
	at org.junit.jupiter.engine.support.MethodReflectionUtils.invoke(MethodReflectionUtils.java:45) ~[junit-jupiter-engine-6.0.3.jar:6.0.3]
	at org.junit.jupiter.engine.execution.MethodInvocation.proceed(MethodInvocation.java:61) ~[junit-jupiter-engine-6.0.3.jar:6.0.3]
	at org.junit.jupiter.engine.execution.InvocationInterceptorChain$ValidatingInvocation.proceed(InvocationInterceptorChain.java:124) ~[junit-jupiter-engine-6.0.3.jar:6.0.3]
	at org.junit.jupiter.engine.extension.TimeoutExtension.intercept(TimeoutExtension.java:163) ~[junit-jupiter-engine-6.0.3.jar:6.0.3]
	at org.junit.jupiter.engine.extension.TimeoutExtension.interceptTestableMethod(TimeoutExtension.java:148) ~[junit-jupiter-engine-6.0.3.jar:6.0.3]
	at org.junit.jupiter.engine.extension.TimeoutExtension.interceptTestMethod(TimeoutExtension.java:86) ~[junit-jupiter-engine-6.0.3.jar:6.0.3]
	at org.junit.jupiter.engine.execution.InterceptingExecutableInvoker$ReflectiveInterceptorCall.lambda$ofVoidMethod$0(InterceptingExecutableInvoker.java:123) ~[junit-jupiter-engine-6.0.3.jar:6.0.3]
	at org.junit.jupiter.engine.execution.InterceptingExecutableInvoker.lambda$invoke$0(InterceptingExecutableInvoker.java:105) ~[junit-jupiter-engine-6.0.3.jar:6.0.3]
	at org.junit.jupiter.engine.execution.InvocationInterceptorChain$InterceptedInvocation.proceed(InvocationInterceptorChain.java:99) ~[junit-jupiter-engine-6.0.3.jar:6.0.3]
	at org.junit.jupiter.engine.execution.InvocationInterceptorChain.proceed(InvocationInterceptorChain.java:66) ~[junit-jupiter-engine-6.0.3.jar:6.0.3]
	at org.junit.jupiter.engine.execution.InvocationInterceptorChain.chainAndInvoke(InvocationInterceptorChain.java:47) ~[junit-jupiter-engine-6.0.3.jar:6.0.3]
	at org.junit.jupiter.engine.execution.InvocationInterceptorChain.invoke(InvocationInterceptorChain.java:39) ~[junit-jupiter-engine-6.0.3.jar:6.0.3]
	at org.junit.jupiter.engine.execution.InterceptingExecutableInvoker.invoke(InterceptingExecutableInvoker.java:104) ~[junit-jupiter-engine-6.0.3.jar:6.0.3]
	at org.junit.jupiter.engine.execution.InterceptingExecutableInvoker.invoke(InterceptingExecutableInvoker.java:98) ~[junit-jupiter-engine-6.0.3.jar:6.0.3]
	at org.junit.jupiter.engine.execution.InterceptingExecutableInvoker.invokeVoid(InterceptingExecutableInvoker.java:71) ~[junit-jupiter-engine-6.0.3.jar:6.0.3]
	at org.junit.jupiter.engine.descriptor.TestMethodTestDescriptor.lambda$invokeTestMethod$0(TestMethodTestDescriptor.java:219) ~[junit-jupiter-engine-6.0.3.jar:6.0.3]
	at org.junit.platform.engine.support.hierarchical.ThrowableCollector.execute(ThrowableCollector.java:74) ~[junit-platform-engine-6.0.3.jar:6.0.3]
	at org.junit.jupiter.engine.descriptor.TestMethodTestDescriptor.invokeTestMethod(TestMethodTestDescriptor.java:215) ~[junit-jupiter-engine-6.0.3.jar:6.0.3]
	at org.junit.jupiter.engine.descriptor.TestMethodTestDescriptor.execute(TestMethodTestDescriptor.java:157) ~[junit-jupiter-engine-6.0.3.jar:6.0.3]
	at org.junit.jupiter.engine.descriptor.TestMethodTestDescriptor.execute(TestMethodTestDescriptor.java:70) ~[junit-jupiter-engine-6.0.3.jar:6.0.3]
	at org.junit.platform.engine.support.hierarchical.NodeTestTask.lambda$executeRecursively$2(NodeTestTask.java:176) ~[junit-platform-engine-6.0.3.jar:6.0.3]
	at org.junit.platform.engine.support.hierarchical.ThrowableCollector.execute(ThrowableCollector.java:74) ~[junit-platform-engine-6.0.3.jar:6.0.3]
	at org.junit.platform.engine.support.hierarchical.NodeTestTask.lambda$executeRecursively$1(NodeTestTask.java:166) ~[junit-platform-engine-6.0.3.jar:6.0.3]
	at org.junit.platform.engine.support.hierarchical.Node.around(Node.java:138) ~[junit-platform-engine-6.0.3.jar:6.0.3]
	at org.junit.platform.engine.support.hierarchical.NodeTestTask.lambda$executeRecursively$0(NodeTestTask.java:164) ~[junit-platform-engine-6.0.3.jar:6.0.3]
	at org.junit.platform.engine.support.hierarchical.ThrowableCollector.execute(ThrowableCollector.java:74) ~[junit-platform-engine-6.0.3.jar:6.0.3]
	at org.junit.platform.engine.support.hierarchical.NodeTestTask.executeRecursively(NodeTestTask.java:163) ~[junit-platform-engine-6.0.3.jar:6.0.3]
	at org.junit.platform.engine.support.hierarchical.NodeTestTask.execute(NodeTestTask.java:116) ~[junit-platform-engine-6.0.3.jar:6.0.3]
	at java.base/java.util.ArrayList.forEach(ArrayList.java:1604) ~[na:na]
	at org.junit.platform.engine.support.hierarchical.SameThreadHierarchicalTestExecutorService.invokeAll(SameThreadHierarchicalTestExecutorService.java:42) ~[junit-platform-engine-6.0.3.jar:6.0.3]
	at org.junit.platform.engine.support.hierarchical.NodeTestTask.lambda$executeRecursively$2(NodeTestTask.java:180) ~[junit-platform-engine-6.0.3.jar:6.0.3]
	at org.junit.platform.engine.support.hierarchical.ThrowableCollector.execute(ThrowableCollector.java:74) ~[junit-platform-engine-6.0.3.jar:6.0.3]
	at org.junit.platform.engine.support.hierarchical.NodeTestTask.lambda$executeRecursively$1(NodeTestTask.java:166) ~[junit-platform-engine-6.0.3.jar:6.0.3]
	at org.junit.platform.engine.support.hierarchical.Node.around(Node.java:138) ~[junit-platform-engine-6.0.3.jar:6.0.3]
	at org.junit.platform.engine.support.hierarchical.NodeTestTask.lambda$executeRecursively$0(NodeTestTask.java:164) ~[junit-platform-engine-6.0.3.jar:6.0.3]
	at org.junit.platform.engine.support.hierarchical.ThrowableCollector.execute(ThrowableCollector.java:74) ~[junit-platform-engine-6.0.3.jar:6.0.3]
	at org.junit.platform.engine.support.hierarchical.NodeTestTask.executeRecursively(NodeTestTask.java:163) ~[junit-platform-engine-6.0.3.jar:6.0.3]
	at org.junit.platform.engine.support.hierarchical.NodeTestTask.execute(NodeTestTask.java:116) ~[junit-platform-engine-6.0.3.jar:6.0.3]
	at java.base/java.util.ArrayList.forEach(ArrayList.java:1604) ~[na:na]
	at org.junit.platform.engine.support.hierarchical.SameThreadHierarchicalTestExecutorService.invokeAll(SameThreadHierarchicalTestExecutorService.java:42) ~[junit-platform-engine-6.0.3.jar:6.0.3]
	at org.junit.platform.engine.support.hierarchical.NodeTestTask.lambda$executeRecursively$2(NodeTestTask.java:180) ~[junit-platform-engine-6.0.3.jar:6.0.3]
	at org.junit.platform.engine.support.hierarchical.ThrowableCollector.execute(ThrowableCollector.java:74) ~[junit-platform-engine-6.0.3.jar:6.0.3]
	at org.junit.platform.engine.support.hierarchical.NodeTestTask.lambda$executeRecursively$1(NodeTestTask.java:166) ~[junit-platform-engine-6.0.3.jar:6.0.3]
	at org.junit.platform.engine.support.hierarchical.Node.around(Node.java:138) ~[junit-platform-engine-6.0.3.jar:6.0.3]
	at org.junit.platform.engine.support.hierarchical.NodeTestTask.lambda$executeRecursively$0(NodeTestTask.java:164) ~[junit-platform-engine-6.0.3.jar:6.0.3]
	at org.junit.platform.engine.support.hierarchical.ThrowableCollector.execute(ThrowableCollector.java:74) ~[junit-platform-engine-6.0.3.jar:6.0.3]
	at org.junit.platform.engine.support.hierarchical.NodeTestTask.executeRecursively(NodeTestTask.java:163) ~[junit-platform-engine-6.0.3.jar:6.0.3]
	at org.junit.platform.engine.support.hierarchical.NodeTestTask.execute(NodeTestTask.java:116) ~[junit-platform-engine-6.0.3.jar:6.0.3]
	at org.junit.platform.engine.support.hierarchical.SameThreadHierarchicalTestExecutorService.submit(SameThreadHierarchicalTestExecutorService.java:36) ~[junit-platform-engine-6.0.3.jar:6.0.3]
	at org.junit.platform.engine.support.hierarchical.HierarchicalTestExecutor.execute(HierarchicalTestExecutor.java:52) ~[junit-platform-engine-6.0.3.jar:6.0.3]
	at org.junit.platform.engine.support.hierarchical.HierarchicalTestEngine.execute(HierarchicalTestEngine.java:58) ~[junit-platform-engine-6.0.3.jar:6.0.3]
	at org.junit.platform.launcher.core.EngineExecutionOrchestrator.executeEngine(EngineExecutionOrchestrator.java:246) ~[junit-platform-launcher-6.0.3.jar:6.0.3]
	at org.junit.platform.launcher.core.EngineExecutionOrchestrator.failOrExecuteEngine(EngineExecutionOrchestrator.java:218) ~[junit-platform-launcher-6.0.3.jar:6.0.3]
	at org.junit.platform.launcher.core.EngineExecutionOrchestrator.execute(EngineExecutionOrchestrator.java:179) ~[junit-platform-launcher-6.0.3.jar:6.0.3]
	at org.junit.platform.launcher.core.EngineExecutionOrchestrator.execute(EngineExecutionOrchestrator.java:108) ~[junit-platform-launcher-6.0.3.jar:6.0.3]
	at org.junit.platform.launcher.core.EngineExecutionOrchestrator.lambda$execute$0(EngineExecutionOrchestrator.java:66) ~[junit-platform-launcher-6.0.3.jar:6.0.3]
	at org.junit.platform.launcher.core.EngineExecutionOrchestrator.withInterceptedStreams(EngineExecutionOrchestrator.java:157) ~[junit-platform-launcher-6.0.3.jar:6.0.3]
	at org.junit.platform.launcher.core.EngineExecutionOrchestrator.execute(EngineExecutionOrchestrator.java:65) ~[junit-platform-launcher-6.0.3.jar:6.0.3]
	at org.junit.platform.launcher.core.DefaultLauncher.execute(DefaultLauncher.java:125) ~[junit-platform-launcher-6.0.3.jar:6.0.3]
	at org.junit.platform.launcher.core.DefaultLauncher.execute(DefaultLauncher.java:114) ~[junit-platform-launcher-6.0.3.jar:6.0.3]
	at org.junit.platform.launcher.core.DelegatingLauncher.execute(DelegatingLauncher.java:58) ~[junit-platform-launcher-6.0.3.jar:6.0.3]
	at org.junit.platform.launcher.core.InterceptingLauncher.lambda$execute$2(InterceptingLauncher.java:57) ~[junit-platform-launcher-6.0.3.jar:6.0.3]
	at org.junit.platform.launcher.core.ClasspathAlignmentCheckingLauncherInterceptor.intercept(ClasspathAlignmentCheckingLauncherInterceptor.java:25) ~[junit-platform-launcher-6.0.3.jar:6.0.3]
	at org.junit.platform.launcher.core.InterceptingLauncher.execute(InterceptingLauncher.java:56) ~[junit-platform-launcher-6.0.3.jar:6.0.3]
	at org.junit.platform.launcher.core.DelegatingLauncher.execute(DelegatingLauncher.java:58) ~[junit-platform-launcher-6.0.3.jar:6.0.3]
	at java.base/jdk.internal.reflect.DirectMethodHandleAccessor.invoke(DirectMethodHandleAccessor.java:104) ~[na:na]
	at java.base/java.lang.reflect.Method.invoke(Method.java:565) ~[na:na]
	at org.apache.maven.surefire.api.util.ReflectionUtils.invokeMethodWithArray(ReflectionUtils.java:125) ~[surefire-api-3.5.5.jar:3.5.5]
	at org.apache.maven.surefire.junitplatform.LauncherAdapter.executeWithCancellationToken(LauncherAdapter.java:68) ~[surefire-junit-platform-3.5.5.jar:3.5.5]
	at org.apache.maven.surefire.junitplatform.LauncherAdapter.execute(LauncherAdapter.java:54) ~[surefire-junit-platform-3.5.5.jar:3.5.5]
	at org.apache.maven.surefire.junitplatform.JUnitPlatformProvider.execute(JUnitPlatformProvider.java:203) ~[surefire-junit-platform-3.5.5.jar:3.5.5]
	at org.apache.maven.surefire.junitplatform.JUnitPlatformProvider.invokeAllTests(JUnitPlatformProvider.java:168) ~[surefire-junit-platform-3.5.5.jar:3.5.5]
	at org.apache.maven.surefire.junitplatform.JUnitPlatformProvider.invoke(JUnitPlatformProvider.java:136) ~[surefire-junit-platform-3.5.5.jar:3.5.5]
	at org.apache.maven.surefire.booter.ForkedBooter.runSuitesInProcess(ForkedBooter.java:385) ~[surefire-booter-3.5.5.jar:3.5.5]
	at org.apache.maven.surefire.booter.ForkedBooter.execute(ForkedBooter.java:162) ~[surefire-booter-3.5.5.jar:3.5.5]
	at org.apache.maven.surefire.booter.ForkedBooter.run(ForkedBooter.java:507) ~[surefire-booter-3.5.5.jar:3.5.5]
	at org.apache.maven.surefire.booter.ForkedBooter.main(ForkedBooter.java:495) ~[surefire-booter-3.5.5.jar:3.5.5]

2026-07-11T08:36:01.709-04:00  INFO 28484 --- [cliente-service] [main] c.e.c.service.ClienteService             : Actualizando cliente id=99
2026-07-11T08:36:01.715-04:00  INFO 28484 --- [cliente-service] [main] c.e.c.service.ClienteService             : Listando todos los clientes
2026-07-11T08:36:01.716-04:00  INFO 28484 --- [cliente-service] [main] c.e.c.service.ClienteService             : Total clientes: 2
2026-07-11T08:36:01.728-04:00  INFO 28484 --- [cliente-service] [main] c.e.c.service.ClienteService             : Iniciando guardar cliente: correo=juan.perez@mail.com
2026-07-11T08:36:01.731-04:00  WARN 28484 --- [cliente-service] [main] c.e.c.service.ClienteService             : Usuario no existe en auth-service: correo=juan.perez@mail.com
2026-07-11T08:36:01.736-04:00  INFO 28484 --- [cliente-service] [main] c.e.c.service.ClienteService             : Eliminando cliente id=99
2026-07-11T08:36:01.783-04:00  INFO 28484 --- [cliente-service] [SpringApplicationShutdownHook] j.LocalContainerEntityManagerFactoryBean : Closing JPA EntityManagerFactory for persistence unit 'default'
2026-07-11T08:36:02.164-04:00  INFO 28484 --- [cliente-service] [SpringApplicationShutdownHook] com.zaxxer.hikari.HikariDataSource       : HikariPool-1 - Shutdown initiated...
2026-07-11T08:36:02.177-04:00  INFO 28484 --- [cliente-service] [SpringApplicationShutdownHook] com.zaxxer.hikari.HikariDataSource       : HikariPool-1 - Shutdown completed.
